// Jest Snapshot v1, https://goo.gl/fbAQLP

exports[`Footer component render correctly Footer component 1`] = `
ReactWrapper {
  Symbol(enzyme.__unrendered__): <Footer />,
  Symbol(enzyme.__renderer__): Object {
    "batchedUpdates": [Function],
    "getNode": [Function],
    "render": [Function],
    "simulateError": [Function],
    "simulateEvent": [Function],
    "unmount": [Function],
  },
  Symbol(enzyme.__root__): [Circular],
  Symbol(enzyme.__node__): Object {
    "instance": null,
    "key": undefined,
    "nodeType": "function",
    "props": Object {},
    "ref": null,
    "rendered": Object {
      "instance": <footer>
        <div
          class="footer-section section-title"
        >
          <h2>
            Last fm
          </h2>
        </div>
      </footer>,
      "key": undefined,
      "nodeType": "host",
      "props": Object {
        "children": <div
          className="footer-section section-title"
        >
          <h2>
            Last fm
          </h2>
        </div>,
      },
      "ref": null,
      "rendered": Array [
        Object {
          "instance": <div
            class="footer-section section-title"
          >
            <h2>
              Last fm
            </h2>
          </div>,
          "key": undefined,
          "nodeType": "host",
          "props": Object {
            "children": <h2>
              Last fm
            </h2>,
            "className": "footer-section section-title",
          },
          "ref": null,
          "rendered": Array [
            Object {
              "instance": <h2>
                Last fm
              </h2>,
              "key": undefined,
              "nodeType": "host",
              "props": Object {
                "children": "Last fm",
              },
              "ref": null,
              "rendered": Array [
                "Last fm",
              ],
              "type": "h2",
            },
          ],
          "type": "div",
        },
      ],
      "type": "footer",
    },
    "type": [Function],
  },
  Symbol(enzyme.__nodes__): Array [
    Object {
      "instance": null,
      "key": undefined,
      "nodeType": "function",
      "props": Object {},
      "ref": null,
      "rendered": Object {
        "instance": <footer>
          <div
            class="footer-section section-title"
          >
            <h2>
              Last fm
            </h2>
          </div>
        </footer>,
        "key": undefined,
        "nodeType": "host",
        "props": Object {
          "children": <div
            className="footer-section section-title"
          >
            <h2>
              Last fm
            </h2>
          </div>,
        },
        "ref": null,
        "rendered": Array [
          Object {
            "instance": <div
              class="footer-section section-title"
            >
              <h2>
                Last fm
              </h2>
            </div>,
            "key": undefined,
            "nodeType": "host",
            "props": Object {
              "children": <h2>
                Last fm
              </h2>,
              "className": "footer-section section-title",
            },
            "ref": null,
            "rendered": Array [
              Object {
                "instance": <h2>
                  Last fm
                </h2>,
                "key": undefined,
                "nodeType": "host",
                "props": Object {
                  "children": "Last fm",
                },
                "ref": null,
                "rendered": Array [
                  "Last fm",
                ],
                "type": "h2",
              },
            ],
            "type": "div",
          },
        ],
        "type": "footer",
      },
      "type": [Function],
    },
  ],
  Symbol(enzyme.__options__): Object {
    "adapter": ReactSixteenAdapter {
      "options": Object {
        "enableComponentDidUpdateOnSetState": true,
        "legacyContextMode": "parent",
        "lifecycles": Object {
          "componentDidUpdate": Object {
            "onSetState": true,
          },
          "getChildContext": Object {
            "calledByRenderer": false,
          },
          "getDerivedStateFromProps": true,
          "getSnapshotBeforeUpdate": true,
          "setState": Object {
            "skipsComponentDidUpdateOnNullish": true,
          },
        },
      },
    },
  },
}
`;
