// Jest Snapshot v1, https://goo.gl/fbAQLP

exports[`Preloader component render correctly Preloader component 1`] = `
ReactWrapper {
  Symbol(enzyme.__unrendered__): <Preloader />,
  Symbol(enzyme.__renderer__): Object {
    "batchedUpdates": [Function],
    "getNode": [Function],
    "render": [Function],
    "simulateError": [Function],
    "simulateEvent": [Function],
    "unmount": [Function],
  },
  Symbol(enzyme.__root__): [Circular],
  Symbol(enzyme.__node__): Object {
    "instance": null,
    "key": undefined,
    "nodeType": "function",
    "props": Object {},
    "ref": null,
    "rendered": Object {
      "instance": <div
        class="preloder"
      >
        <div
          class="loader"
        />
      </div>,
      "key": undefined,
      "nodeType": "host",
      "props": Object {
        "children": <div
          className="loader"
        />,
        "className": "preloder",
      },
      "ref": null,
      "rendered": Array [
        Object {
          "instance": <div
            class="loader"
          />,
          "key": undefined,
          "nodeType": "host",
          "props": Object {
            "className": "loader",
          },
          "ref": null,
          "rendered": Array [
            undefined,
          ],
          "type": "div",
        },
      ],
      "type": "div",
    },
    "type": [Function],
  },
  Symbol(enzyme.__nodes__): Array [
    Object {
      "instance": null,
      "key": undefined,
      "nodeType": "function",
      "props": Object {},
      "ref": null,
      "rendered": Object {
        "instance": <div
          class="preloder"
        >
          <div
            class="loader"
          />
        </div>,
        "key": undefined,
        "nodeType": "host",
        "props": Object {
          "children": <div
            className="loader"
          />,
          "className": "preloder",
        },
        "ref": null,
        "rendered": Array [
          Object {
            "instance": <div
              class="loader"
            />,
            "key": undefined,
            "nodeType": "host",
            "props": Object {
              "className": "loader",
            },
            "ref": null,
            "rendered": Array [
              undefined,
            ],
            "type": "div",
          },
        ],
        "type": "div",
      },
      "type": [Function],
    },
  ],
  Symbol(enzyme.__options__): Object {
    "adapter": ReactSixteenAdapter {
      "options": Object {
        "enableComponentDidUpdateOnSetState": true,
        "legacyContextMode": "parent",
        "lifecycles": Object {
          "componentDidUpdate": Object {
            "onSetState": true,
          },
          "getChildContext": Object {
            "calledByRenderer": false,
          },
          "getDerivedStateFromProps": true,
          "getSnapshotBeforeUpdate": true,
          "setState": Object {
            "skipsComponentDidUpdateOnNullish": true,
          },
        },
      },
    },
  },
}
`;
