// Jest Snapshot v1, https://goo.gl/fbAQLP

exports[`ProfileInfo component render correctly ProfileInfo component 1`] = `
ShallowWrapper {
  Symbol(enzyme.__root__): [Circular],
  Symbol(enzyme.__unrendered__): <ProfileInfo
    profile={
      Object {
        "bio": Object {
          "content": "content...",
        },
        "image": Array [
          Object {
            "#text": "image1",
          },
          Object {
            "#text": "image2",
          },
          Object {
            "#text": "image3",
          },
          Object {
            "#text": "image3",
          },
        ],
        "name": "profileName",
        "tags": Object {
          "tag": Array [
            Object {
              "name": "tag1",
            },
            Object {
              "name": "tag2",
            },
            Object {
              "name": "tag3",
            },
          ],
        },
      }
    }
  />,
  Symbol(enzyme.__renderer__): Object {
    "batchedUpdates": [Function],
    "checkPropTypes": [Function],
    "getNode": [Function],
    "render": [Function],
    "simulateError": [Function],
    "simulateEvent": [Function],
    "unmount": [Function],
  },
  Symbol(enzyme.__node__): Object {
    "instance": null,
    "key": undefined,
    "nodeType": "host",
    "props": Object {
      "children": <div
        className="row"
      >
        <div
          className="col"
        >
          <Image
            path="image3"
          />
        </div>
        <div
          className="col"
        >
          <div
            className="profile-info"
          >
            <h2>
              profileName
            </h2>
            <div
              className="row"
            >
              <h2>
                Biography
              </h2>
              <div
                className="profile-content"
                dangerouslySetInnerHTML={
                  Object {
                    "__html": "content...",
                  }
                }
              />
            </div>
          </div>
        </div>
        <div
          className="col"
        >
          <div
            className="profile-info"
          >
            <h2>
              Tags
            </h2>
            <div>
              <Tag
                name="tag1"
              />
            </div>
            <div>
              <Tag
                name="tag2"
              />
            </div>
            <div>
              <Tag
                name="tag3"
              />
            </div>
          </div>
        </div>
      </div>,
      "className": "profile-section",
    },
    "ref": null,
    "rendered": Object {
      "instance": null,
      "key": undefined,
      "nodeType": "host",
      "props": Object {
        "children": Array [
          <div
            className="col"
          >
            <Image
              path="image3"
            />
          </div>,
          <div
            className="col"
          >
            <div
              className="profile-info"
            >
              <h2>
                profileName
              </h2>
              <div
                className="row"
              >
                <h2>
                  Biography
                </h2>
                <div
                  className="profile-content"
                  dangerouslySetInnerHTML={
                    Object {
                      "__html": "content...",
                    }
                  }
                />
              </div>
            </div>
          </div>,
          <div
            className="col"
          >
            <div
              className="profile-info"
            >
              <h2>
                Tags
              </h2>
              <div>
                <Tag
                  name="tag1"
                />
              </div>
              <div>
                <Tag
                  name="tag2"
                />
              </div>
              <div>
                <Tag
                  name="tag3"
                />
              </div>
            </div>
          </div>,
        ],
        "className": "row",
      },
      "ref": null,
      "rendered": Array [
        Object {
          "instance": null,
          "key": undefined,
          "nodeType": "host",
          "props": Object {
            "children": <Image
              path="image3"
            />,
            "className": "col",
          },
          "ref": null,
          "rendered": Object {
            "instance": null,
            "key": undefined,
            "nodeType": "function",
            "props": Object {
              "path": "image3",
            },
            "ref": null,
            "rendered": null,
            "type": [Function],
          },
          "type": "div",
        },
        Object {
          "instance": null,
          "key": undefined,
          "nodeType": "host",
          "props": Object {
            "children": <div
              className="profile-info"
            >
              <h2>
                profileName
              </h2>
              <div
                className="row"
              >
                <h2>
                  Biography
                </h2>
                <div
                  className="profile-content"
                  dangerouslySetInnerHTML={
                    Object {
                      "__html": "content...",
                    }
                  }
                />
              </div>
            </div>,
            "className": "col",
          },
          "ref": null,
          "rendered": Object {
            "instance": null,
            "key": undefined,
            "nodeType": "host",
            "props": Object {
              "children": Array [
                <h2>
                  profileName
                </h2>,
                <div
                  className="row"
                >
                  <h2>
                    Biography
                  </h2>
                  <div
                    className="profile-content"
                    dangerouslySetInnerHTML={
                      Object {
                        "__html": "content...",
                      }
                    }
                  />
                </div>,
              ],
              "className": "profile-info",
            },
            "ref": null,
            "rendered": Array [
              Object {
                "instance": null,
                "key": undefined,
                "nodeType": "host",
                "props": Object {
                  "children": "profileName",
                },
                "ref": null,
                "rendered": "profileName",
                "type": "h2",
              },
              Object {
                "instance": null,
                "key": undefined,
                "nodeType": "host",
                "props": Object {
                  "children": Array [
                    <h2>
                      Biography
                    </h2>,
                    <div
                      className="profile-content"
                      dangerouslySetInnerHTML={
                        Object {
                          "__html": "content...",
                        }
                      }
                    />,
                  ],
                  "className": "row",
                },
                "ref": null,
                "rendered": Array [
                  Object {
                    "instance": null,
                    "key": undefined,
                    "nodeType": "host",
                    "props": Object {
                      "children": "Biography",
                    },
                    "ref": null,
                    "rendered": "Biography",
                    "type": "h2",
                  },
                  Object {
                    "instance": null,
                    "key": undefined,
                    "nodeType": "host",
                    "props": Object {
                      "className": "profile-content",
                      "dangerouslySetInnerHTML": Object {
                        "__html": "content...",
                      },
                    },
                    "ref": null,
                    "rendered": null,
                    "type": "div",
                  },
                ],
                "type": "div",
              },
            ],
            "type": "div",
          },
          "type": "div",
        },
        Object {
          "instance": null,
          "key": undefined,
          "nodeType": "host",
          "props": Object {
            "children": <div
              className="profile-info"
            >
              <h2>
                Tags
              </h2>
              <div>
                <Tag
                  name="tag1"
                />
              </div>
              <div>
                <Tag
                  name="tag2"
                />
              </div>
              <div>
                <Tag
                  name="tag3"
                />
              </div>
            </div>,
            "className": "col",
          },
          "ref": null,
          "rendered": Object {
            "instance": null,
            "key": undefined,
            "nodeType": "host",
            "props": Object {
              "children": Array [
                <h2>
                  Tags
                </h2>,
                Array [
                  <div>
                    <Tag
                      name="tag1"
                    />
                  </div>,
                  <div>
                    <Tag
                      name="tag2"
                    />
                  </div>,
                  <div>
                    <Tag
                      name="tag3"
                    />
                  </div>,
                ],
              ],
              "className": "profile-info",
            },
            "ref": null,
            "rendered": Array [
              Object {
                "instance": null,
                "key": undefined,
                "nodeType": "host",
                "props": Object {
                  "children": "Tags",
                },
                "ref": null,
                "rendered": "Tags",
                "type": "h2",
              },
              Object {
                "instance": null,
                "key": "0",
                "nodeType": "host",
                "props": Object {
                  "children": <Tag
                    name="tag1"
                  />,
                },
                "ref": null,
                "rendered": Object {
                  "instance": null,
                  "key": undefined,
                  "nodeType": "function",
                  "props": Object {
                    "name": "tag1",
                  },
                  "ref": null,
                  "rendered": null,
                  "type": [Function],
                },
                "type": "div",
              },
              Object {
                "instance": null,
                "key": "1",
                "nodeType": "host",
                "props": Object {
                  "children": <Tag
                    name="tag2"
                  />,
                },
                "ref": null,
                "rendered": Object {
                  "instance": null,
                  "key": undefined,
                  "nodeType": "function",
                  "props": Object {
                    "name": "tag2",
                  },
                  "ref": null,
                  "rendered": null,
                  "type": [Function],
                },
                "type": "div",
              },
              Object {
                "instance": null,
                "key": "2",
                "nodeType": "host",
                "props": Object {
                  "children": <Tag
                    name="tag3"
                  />,
                },
                "ref": null,
                "rendered": Object {
                  "instance": null,
                  "key": undefined,
                  "nodeType": "function",
                  "props": Object {
                    "name": "tag3",
                  },
                  "ref": null,
                  "rendered": null,
                  "type": [Function],
                },
                "type": "div",
              },
            ],
            "type": "div",
          },
          "type": "div",
        },
      ],
      "type": "div",
    },
    "type": "div",
  },
  Symbol(enzyme.__nodes__): Array [
    Object {
      "instance": null,
      "key": undefined,
      "nodeType": "host",
      "props": Object {
        "children": <div
          className="row"
        >
          <div
            className="col"
          >
            <Image
              path="image3"
            />
          </div>
          <div
            className="col"
          >
            <div
              className="profile-info"
            >
              <h2>
                profileName
              </h2>
              <div
                className="row"
              >
                <h2>
                  Biography
                </h2>
                <div
                  className="profile-content"
                  dangerouslySetInnerHTML={
                    Object {
                      "__html": "content...",
                    }
                  }
                />
              </div>
            </div>
          </div>
          <div
            className="col"
          >
            <div
              className="profile-info"
            >
              <h2>
                Tags
              </h2>
              <div>
                <Tag
                  name="tag1"
                />
              </div>
              <div>
                <Tag
                  name="tag2"
                />
              </div>
              <div>
                <Tag
                  name="tag3"
                />
              </div>
            </div>
          </div>
        </div>,
        "className": "profile-section",
      },
      "ref": null,
      "rendered": Object {
        "instance": null,
        "key": undefined,
        "nodeType": "host",
        "props": Object {
          "children": Array [
            <div
              className="col"
            >
              <Image
                path="image3"
              />
            </div>,
            <div
              className="col"
            >
              <div
                className="profile-info"
              >
                <h2>
                  profileName
                </h2>
                <div
                  className="row"
                >
                  <h2>
                    Biography
                  </h2>
                  <div
                    className="profile-content"
                    dangerouslySetInnerHTML={
                      Object {
                        "__html": "content...",
                      }
                    }
                  />
                </div>
              </div>
            </div>,
            <div
              className="col"
            >
              <div
                className="profile-info"
              >
                <h2>
                  Tags
                </h2>
                <div>
                  <Tag
                    name="tag1"
                  />
                </div>
                <div>
                  <Tag
                    name="tag2"
                  />
                </div>
                <div>
                  <Tag
                    name="tag3"
                  />
                </div>
              </div>
            </div>,
          ],
          "className": "row",
        },
        "ref": null,
        "rendered": Array [
          Object {
            "instance": null,
            "key": undefined,
            "nodeType": "host",
            "props": Object {
              "children": <Image
                path="image3"
              />,
              "className": "col",
            },
            "ref": null,
            "rendered": Object {
              "instance": null,
              "key": undefined,
              "nodeType": "function",
              "props": Object {
                "path": "image3",
              },
              "ref": null,
              "rendered": null,
              "type": [Function],
            },
            "type": "div",
          },
          Object {
            "instance": null,
            "key": undefined,
            "nodeType": "host",
            "props": Object {
              "children": <div
                className="profile-info"
              >
                <h2>
                  profileName
                </h2>
                <div
                  className="row"
                >
                  <h2>
                    Biography
                  </h2>
                  <div
                    className="profile-content"
                    dangerouslySetInnerHTML={
                      Object {
                        "__html": "content...",
                      }
                    }
                  />
                </div>
              </div>,
              "className": "col",
            },
            "ref": null,
            "rendered": Object {
              "instance": null,
              "key": undefined,
              "nodeType": "host",
              "props": Object {
                "children": Array [
                  <h2>
                    profileName
                  </h2>,
                  <div
                    className="row"
                  >
                    <h2>
                      Biography
                    </h2>
                    <div
                      className="profile-content"
                      dangerouslySetInnerHTML={
                        Object {
                          "__html": "content...",
                        }
                      }
                    />
                  </div>,
                ],
                "className": "profile-info",
              },
              "ref": null,
              "rendered": Array [
                Object {
                  "instance": null,
                  "key": undefined,
                  "nodeType": "host",
                  "props": Object {
                    "children": "profileName",
                  },
                  "ref": null,
                  "rendered": "profileName",
                  "type": "h2",
                },
                Object {
                  "instance": null,
                  "key": undefined,
                  "nodeType": "host",
                  "props": Object {
                    "children": Array [
                      <h2>
                        Biography
                      </h2>,
                      <div
                        className="profile-content"
                        dangerouslySetInnerHTML={
                          Object {
                            "__html": "content...",
                          }
                        }
                      />,
                    ],
                    "className": "row",
                  },
                  "ref": null,
                  "rendered": Array [
                    Object {
                      "instance": null,
                      "key": undefined,
                      "nodeType": "host",
                      "props": Object {
                        "children": "Biography",
                      },
                      "ref": null,
                      "rendered": "Biography",
                      "type": "h2",
                    },
                    Object {
                      "instance": null,
                      "key": undefined,
                      "nodeType": "host",
                      "props": Object {
                        "className": "profile-content",
                        "dangerouslySetInnerHTML": Object {
                          "__html": "content...",
                        },
                      },
                      "ref": null,
                      "rendered": null,
                      "type": "div",
                    },
                  ],
                  "type": "div",
                },
              ],
              "type": "div",
            },
            "type": "div",
          },
          Object {
            "instance": null,
            "key": undefined,
            "nodeType": "host",
            "props": Object {
              "children": <div
                className="profile-info"
              >
                <h2>
                  Tags
                </h2>
                <div>
                  <Tag
                    name="tag1"
                  />
                </div>
                <div>
                  <Tag
                    name="tag2"
                  />
                </div>
                <div>
                  <Tag
                    name="tag3"
                  />
                </div>
              </div>,
              "className": "col",
            },
            "ref": null,
            "rendered": Object {
              "instance": null,
              "key": undefined,
              "nodeType": "host",
              "props": Object {
                "children": Array [
                  <h2>
                    Tags
                  </h2>,
                  Array [
                    <div>
                      <Tag
                        name="tag1"
                      />
                    </div>,
                    <div>
                      <Tag
                        name="tag2"
                      />
                    </div>,
                    <div>
                      <Tag
                        name="tag3"
                      />
                    </div>,
                  ],
                ],
                "className": "profile-info",
              },
              "ref": null,
              "rendered": Array [
                Object {
                  "instance": null,
                  "key": undefined,
                  "nodeType": "host",
                  "props": Object {
                    "children": "Tags",
                  },
                  "ref": null,
                  "rendered": "Tags",
                  "type": "h2",
                },
                Object {
                  "instance": null,
                  "key": "0",
                  "nodeType": "host",
                  "props": Object {
                    "children": <Tag
                      name="tag1"
                    />,
                  },
                  "ref": null,
                  "rendered": Object {
                    "instance": null,
                    "key": undefined,
                    "nodeType": "function",
                    "props": Object {
                      "name": "tag1",
                    },
                    "ref": null,
                    "rendered": null,
                    "type": [Function],
                  },
                  "type": "div",
                },
                Object {
                  "instance": null,
                  "key": "1",
                  "nodeType": "host",
                  "props": Object {
                    "children": <Tag
                      name="tag2"
                    />,
                  },
                  "ref": null,
                  "rendered": Object {
                    "instance": null,
                    "key": undefined,
                    "nodeType": "function",
                    "props": Object {
                      "name": "tag2",
                    },
                    "ref": null,
                    "rendered": null,
                    "type": [Function],
                  },
                  "type": "div",
                },
                Object {
                  "instance": null,
                  "key": "2",
                  "nodeType": "host",
                  "props": Object {
                    "children": <Tag
                      name="tag3"
                    />,
                  },
                  "ref": null,
                  "rendered": Object {
                    "instance": null,
                    "key": undefined,
                    "nodeType": "function",
                    "props": Object {
                      "name": "tag3",
                    },
                    "ref": null,
                    "rendered": null,
                    "type": [Function],
                  },
                  "type": "div",
                },
              ],
              "type": "div",
            },
            "type": "div",
          },
        ],
        "type": "div",
      },
      "type": "div",
    },
  ],
  Symbol(enzyme.__options__): Object {
    "adapter": ReactSixteenAdapter {
      "options": Object {
        "enableComponentDidUpdateOnSetState": true,
        "legacyContextMode": "parent",
        "lifecycles": Object {
          "componentDidUpdate": Object {
            "onSetState": true,
          },
          "getChildContext": Object {
            "calledByRenderer": false,
          },
          "getDerivedStateFromProps": true,
          "getSnapshotBeforeUpdate": true,
          "setState": Object {
            "skipsComponentDidUpdateOnNullish": true,
          },
        },
      },
    },
  },
}
`;
